// Jest Snapshot v1, https://goo.gl/fbAQLP

exports[`InputGroup component matches snapshot (set all props) 1`] = `
<div
  className="fdsInputGroup"
>
  <Flex
    align="center"
    noGutters={true}
  >
    <FlexItem
      key=".0"
      shrink={true}
    >
      <input
        type="text"
      />
    </FlexItem>
    <FlexItem
      key=".1"
      shrink={false}
    >
      <input
        type="text"
      />
    </FlexItem>
    <FlexItem
      key=".2"
      shrink={true}
    >
      <select
        name="type"
      >
        <option
          value="1"
        >
          Horse-size duck
        </option>
        <option
          value="2"
        >
          Duck-size horse
        </option>
      </select>
    </FlexItem>
  </Flex>
</div>
`;
