// Jest Snapshot v1, https://goo.gl/fbAQLP

exports[`ButtonGroup component matches snapshot (default props) 1`] = `
<button
  className="fdsButton fontStyle--caps display--inlineFlex rounded--all alignChild--center--center border--focus--noTransition transition-default fdsButton--m fdsButton--blue"
>
  <span
    className="fdsButton-label"
  >
    Button
  </span>
</button>
`;

exports[`ButtonGroup component matches snapshot (set all props) 1`] = `
<Link
  className="fdsButton fontStyle--caps display--inlineFlex rounded--all alignChild--center--center border--focus--noTransition transition-default fdsButton--m fdsButton--outlined fdsButton--isDestructive fdsButton--loading fdsButton--disabled fdsButton--isFullWidth"
  disabled={false}
>
  <span
    className="fdsButton-label fdsButton--hidden"
  />
  <div
    className="alignChild--center--center fdsButton-icon--left fdsButton--hidden"
  >
    <Icon
      customSize={18}
    />
  </div>
  <div
    className="margin--left--half alignChild--center--center"
  >
    <CaretDownIcon
      customSize={12}
    />
  </div>
</Link>
`;
