// Jest Snapshot v1, https://goo.gl/fbAQLP

exports[`GroupButton component matches snapshot (set all props) 1`] = `
<Wrapper>
  <button
    className="groupbtn border--focus--noTransition transition-default groupbtn--active"
    value="Feed"
  >
    <div
      className="margin--right--half"
    >
      <Icon
        size="xs"
      />
    </div>
    <span
      className="groupbtn-label"
    />
  </button>
</Wrapper>
`;
