// Jest Snapshot v1, https://goo.gl/fbAQLP

exports[`ButtonGroup component matches snapshot (default props) 1`] = `
<button
  className="fdsButton fontStyle--caps display--inlineFlex rounded--all alignChild--center--center border--focus--noTransition transition-default fdsButton--m fdsButton--blue"
  label="Button"
>
  <span
    className="fdsButton-label"
  />
</button>
`;

exports[`ButtonGroup component matches snapshot (set all props) 1`] = `
<Link
  className="fdsButton fontStyle--caps display--inlineFlex rounded--all alignChild--center--center border--focus--noTransition transition-default fdsButton--m fdsButton--blue fdsButton--disabled"
  disabled={false}
  isActive={true}
  label="button"
>
  <span
    className="fdsButton-label"
  />
  <div
    className="alignChild--center--center fdsButton-icon--right"
  >
    <Icon
      customSize={18}
    />
  </div>
</Link>
`;
