// Jest Snapshot v1, https://goo.gl/fbAQLP

exports[`Chip component matches snapshot (default props) 1`] = `
<button
  className="fdsChip border--focus--noTransition transition-default fdsChip--m"
>
  <span>
    foo
  </span>
</button>
`;

exports[`Chip component matches snapshot (set all props) 1`] = `
<button
  as={[Function]}
  className="fdsChip border--focus--noTransition transition-default fdsChip--m fdsChip--active fdsChip--blue"
>
  <span>
    foo
    <span
      className="fdsChip-subtitle"
    >
      bar
    </span>
  </span>
  <span
    className="fdsChip-close border--focus"
    onClick={[Function]}
    role="button"
    tabIndex="-1"
  >
    <DenyIcon
      size="xs"
    />
  </span>
</button>
`;
