// Jest Snapshot v1, https://goo.gl/fbAQLP

exports[`TextInput component matches snapshot (all props) 1`] = `
<Fragment>
  <label
    className="fdsTextInput-root fdsTextInput-root--leftLabel"
  >
    <div
      className="fdsTextInput-label"
      style={
        Object {
          "width": "200px",
        }
      }
    >
      label
    </div>
    <DecoratedInput
      after="after"
      before="before"
    >
      <IconInput>
        <input
          aria-invalid={true}
          aria-label="label"
          className="error fdsTextInput"
          onChange={[Function]}
          required={true}
          type="number"
        />
      </IconInput>
    </DecoratedInput>
  </label>
  <div
    className="color--red type--data"
  >
    errorText
  </div>
</Fragment>
`;

exports[`TextInput component matches snapshot (default) 1`] = `
<Fragment>
  <label
    className="fdsTextInput-root fdsTextInput-root--topLabel"
  >
    <div
      className="margin--bottom--xs fdsTextInput-label"
    >
      label
    </div>
    <DecoratedInput>
      <IconInput>
        <input
          aria-label="label"
          className="fdsTextInput"
          onChange={[Function]}
          type="text"
        />
      </IconInput>
    </DecoratedInput>
  </label>
</Fragment>
`;
