// Jest Snapshot v1, https://goo.gl/fbAQLP

exports[`Tooltip component matches snapshot (uses the right classes) 1`] = `
<Tooltip
  message="lol"
  trigger={<Trigger />}
>
  <Popover
    alignment="center"
    delay={350}
    distance={8}
    interactionMode="hover"
    position="bottom"
    transitionName="GrowFast"
    trigger={
      <span
        style={
          Object {
            "cursor": "help",
          }
        }
      >
        <Trigger />
      </span>
    }
  >
    <Manager>
      <Reference>
        <div
          aria-expanded="false"
          aria-haspopup="true"
        >
          <div>
            <span
              onKeyDown={[Function]}
              onKeyUp={[Function]}
              onMouseEnter={[Function]}
              onMouseLeave={[Function]}
              style={
                Object {
                  "cursor": "help",
                }
              }
              tabIndex="1"
            >
              <Trigger>
                <p>
                  trigger
                </p>
              </Trigger>
            </span>
          </div>
        </div>
      </Reference>
      <Portal
        containerInfo={<body />}
      >
        <CSSTransition
          classNames="rtgGrowFast"
          in={false}
          timeout={200}
          unmountOnExit={true}
        >
          <Transition
            appear={false}
            enter={true}
            exit={true}
            in={false}
            mountOnEnter={false}
            onEnter={[Function]}
            onEntered={[Function]}
            onEntering={[Function]}
            onExit={[Function]}
            onExited={[Function]}
            onExiting={[Function]}
            timeout={200}
            unmountOnExit={true}
          />
        </CSSTransition>
      </Portal>
    </Manager>
  </Popover>
</Tooltip>
`;
