// Jest Snapshot v1, https://goo.gl/fbAQLP

exports[`StackedButton component matches snapshot (default props) 1`] = `
<button
  className="fdsStackedButton rounded--all fdsStackedButton--ghost border--focus--noTransition transition--default"
>
  Button
</button>
`;

exports[`StackedButton component matches snapshot (set all props) 1`] = `
<Link
  className="fdsStackedButton rounded--all fdsStackedButton--ghost border--focus--noTransition transition--default fdsStackedButton--disabled fdsStackedButton--isActive"
  disabled={false}
>
  <div
    className="fdsStackedButton-iconWrapper"
  >
    <Icon
      size="s"
    />
  </div>
  button
</Link>
`;
