// Jest Snapshot v1, https://goo.gl/fbAQLP

exports[`Flex component matches snapshot (default props) 1`] = `
<div
  className="flex flex--alignStretch flex--row"
>
  <FlexItem />
</div>
`;

exports[`Flex component matches snapshot (set all props) 1`] = `
<div
  className="flex--column--reverse flex--justifySpaceBetween flex--wrap flex--noGutters flex flex--alignEnd flex--column"
>
  <FlexItem />
</div>
`;
