// Jest Snapshot v1, https://goo.gl/fbAQLP

exports[`DecoratedInput component matches snapshot (set all props) 1`] = `
<div
  className="fdsDecoratedInput"
  data-after="right boi"
  data-before="left boi"
>
  <input
    type="text"
  />
</div>
`;
