// Jest Snapshot v1, https://goo.gl/fbAQLP

exports[`CornerPosition component matches snapshot 1`] = `
<div
  className="cornerPosition-root"
>
  <div />
  <div
    className="cornerPosition-decoration"
  >
    <span />
  </div>
</div>
`;
