// Jest Snapshot v1, https://goo.gl/fbAQLP

exports[`Toaster component matches snapshot 1`] = `
<ToasterWrapper
  isOpen={true}
  toastInstance={
    Object {
      "content": <p>
        test
      </p>,
      "type": "info",
    }
  }
>
  <Portal
    containerInfo={
      <body>
        <div
          aria-live="assertive"
        >
          <div>
            <div
              class="toaster rtgSlideIn-appear rtgSlideIn-appear-active"
            >
              <div
                aria-atomic="true"
                aria-relevant="all"
                class="toast toast--info"
                role="log"
              >
                <div
                  class="toast-bar"
                >
                  <svg
                    class="toast-svg"
                    xmlns="http://www.w3.org/2000/svg"
                  >
                    <line
                      stroke="#006699"
                      stroke-dasharray=""
                      stroke-width="8px"
                      x1="0%"
                      x2="100%"
                      y1="50%"
                      y2="50%"
                    />
                  </svg>
                </div>
                <div
                  class="toast-content alignChild--left--center"
                >
                  <div
                    class="flex flex--alignStretch flex--row"
                  >
                    <div
                      class="flexItem--shrink flexItem"
                    >
                      <div
                        class="toast-constrainGrowth alignChild--center--center"
                      >
                        <div
                          class="toast-icon media--s"
                          style="background-color: rgb(0, 102, 153);"
                        >
                          <div
                            class="fds-icon fds-icon--l"
                            style="fill: #ffffff;"
                          >
                            <svg
                              viewBox="0 0 24 24"
                              xmlns="http://www.w3.org/2000/svg"
                            >
                              <g
                                fill-rule="evenodd"
                              >
                                <g>
                                  <path
                                    d="M12,2 C6.4889971,2 2,6.4889971 2,12 C2,17.511003 6.4889971,22 12,22 C17.511003,22 22,17.511003 22,12 C22,6.4889971 17.511003,2 12,2 Z M12,4 C16.430123,4 20,7.5698774 20,12 C20,16.430123 16.430123,20 12,20 C7.5698774,20 4,16.430123 4,12 C4,7.5698774 7.5698774,4 12,4 Z M11,7 L11,9 L13,9 L13,7 L11,7 Z M11,11 L11,17 L13,17 L13,11 L11,11 Z"
                                  />
                                </g>
                              </g>
                            </svg>
                          </div>
                        </div>
                      </div>
                    </div>
                    <div
                      class="flexItem"
                    >
                      <div
                        class="toast-constrainGrowth"
                      >
                        <p>
                          test
                        </p>
                      </div>
                    </div>
                    <div
                      class="flexItem--shrink flexItem"
                    >
                      <div
                        class="toast-constrainGrowth alignChild--center--center"
                      >
                        <div
                          class="countdownButton"
                          style="width: 34px; height: 34px;"
                        >
                          <div
                            class="countdownButton-button"
                          >
                            <button
                              class="shape--circle fdsIconButton rounded--all border--focus--noTransition transition--default alignChild--center--center fdsIconButton--ghost fdsIconButton--m"
                              title="Close"
                            >
                              <div
                                class="fdsIconButton--loading-spinnerWrapper"
                              >
                                <div
                                  class=""
                                />
                              </div>
                              <span
                                class=""
                              >
                                <div
                                  class="fds-icon fds-icon--s"
                                  style="width: 18px; height: 18px;"
                                >
                                  <svg
                                    viewBox="0 0 24 24"
                                    xmlns="http://www.w3.org/2000/svg"
                                  >
                                    <g
                                      fill-rule="evenodd"
                                    >
                                      <g>
                                        <polygon
                                          points="19 6.41 17.59 5 12 10.59 6.41 5 5 6.41 10.59 12 5 17.59 6.41 19 12 13.41 17.59 19 19 17.59 13.41 12"
                                        />
                                      </g>
                                    </g>
                                  </svg>
                                </div>
                              </span>
                            </button>
                          </div>
                          <svg
                            class="countdownButton-animation"
                            height="34"
                            viewBox="0 0 34 34"
                            width="34"
                          >
                            <circle
                              cx="17"
                              cy="17"
                              fill="transparent"
                              r="16"
                              stroke="rgba(64, 64, 64, 0.38)"
                              stroke-width="2"
                              style="stroke-dasharray: 100.53096491487338; stroke-dashoffset: 0; transition: all 4000ms linear; transform-origin: center center; transform: rotate(-90deg);"
                            />
                          </svg>
                        </div>
                      </div>
                    </div>
                  </div>
                </div>
              </div>
            </div>
          </div>
        </div>
      </body>
    }
  >
    <Toaster
      isOpen={true}
      toastInstance={
        Object {
          "content": <p>
            test
          </p>,
          "type": "info",
        }
      }
    >
      <div
        aria-live="assertive"
      >
        <TransitionGroup
          childFactory={[Function]}
          component="div"
        >
          <div>
            <CSSTransition
              appear={true}
              classNames="rtgSlideIn"
              in={true}
              key=".0"
              onExited={[Function]}
              timeout={380}
              unmountOnExit={true}
            >
              <Transition
                appear={true}
                enter={true}
                exit={true}
                in={true}
                mountOnEnter={false}
                onEnter={[Function]}
                onEntered={[Function]}
                onEntering={[Function]}
                onExit={[Function]}
                onExited={[Function]}
                onExiting={[Function]}
                timeout={380}
                unmountOnExit={true}
              >
                <div
                  className="toaster"
                >
                  <Toast
                    content={
                      <p>
                        test
                      </p>
                    }
                    dismissDelay={4000}
                    isAutoDismiss={true}
                    type="info"
                  >
                    <div
                      aria-atomic="true"
                      aria-relevant="all"
                      className="toast toast--info"
                      role="log"
                    >
                      <div
                        className="toast-bar"
                      >
                        <svg
                          className="toast-svg"
                          xmlns="http://www.w3.org/2000/svg"
                        >
                          <line
                            stroke="#006699"
                            strokeDasharray=""
                            strokeWidth="8px"
                            x1="0%"
                            x2="100%"
                            y1="50%"
                            y2="50%"
                          />
                        </svg>
                      </div>
                      <div
                        className="toast-content alignChild--left--center"
                      >
                        <Flex>
                          <div
                            className="flex flex--alignStretch flex--row"
                          >
                            <FlexItem
                              shrink={true}
                            >
                              <div
                                className="flexItem--shrink flexItem"
                              >
                                <div
                                  className="toast-constrainGrowth alignChild--center--center"
                                >
                                  <div
                                    className="toast-icon media--s"
                                    style={
                                      Object {
                                        "backgroundColor": "#006699",
                                      }
                                    }
                                  >
                                    <InformationIcon
                                      color="#ffffff"
                                      size="l"
                                    >
                                      <div
                                        className="fds-icon fds-icon--l"
                                        style={
                                          Object {
                                            "fill": "#ffffff",
                                            "height": undefined,
                                            "width": undefined,
                                          }
                                        }
                                      >
                                        <svg
                                          viewBox="0 0 24 24"
                                          xmlns="http://www.w3.org/2000/svg"
                                        >
                                          <g
                                            fillRule="evenodd"
                                          >
                                            <g>
                                              <path
                                                d="M12,2 C6.4889971,2 2,6.4889971 2,12 C2,17.511003 6.4889971,22 12,22 C17.511003,22 22,17.511003 22,12 C22,6.4889971 17.511003,2 12,2 Z M12,4 C16.430123,4 20,7.5698774 20,12 C20,16.430123 16.430123,20 12,20 C7.5698774,20 4,16.430123 4,12 C4,7.5698774 7.5698774,4 12,4 Z M11,7 L11,9 L13,9 L13,7 L11,7 Z M11,11 L11,17 L13,17 L13,11 L11,11 Z"
                                              />
                                            </g>
                                          </g>
                                        </svg>
                                      </div>
                                    </InformationIcon>
                                  </div>
                                </div>
                              </div>
                            </FlexItem>
                            <FlexItem>
                              <div
                                className="flexItem"
                              >
                                <div
                                  className="toast-constrainGrowth"
                                >
                                  <p>
                                    test
                                  </p>
                                </div>
                              </div>
                            </FlexItem>
                            <FlexItem
                              shrink={true}
                            >
                              <div
                                className="flexItem--shrink flexItem"
                              >
                                <div
                                  className="toast-constrainGrowth alignChild--center--center"
                                >
                                  <CountdownButton
                                    duration={4000}
                                    label="Close"
                                  >
                                    <div
                                      className="countdownButton"
                                      style={
                                        Object {
                                          "height": "34px",
                                          "width": "34px",
                                        }
                                      }
                                    >
                                      <div
                                        className="countdownButton-button"
                                      >
                                        <IconButton
                                          Icon={[Function]}
                                          label="Close"
                                          radius="circle"
                                        >
                                          <button
                                            className="shape--circle fdsIconButton rounded--all border--focus--noTransition transition--default alignChild--center--center fdsIconButton--ghost fdsIconButton--m"
                                            title="Close"
                                          >
                                            <div
                                              className="fdsIconButton--loading-spinnerWrapper"
                                            >
                                              <div
                                                className=""
                                              />
                                            </div>
                                            <span
                                              className=""
                                            >
                                              <DenyIcon
                                                customSize={18}
                                              >
                                                <div
                                                  className="fds-icon fds-icon--s"
                                                  style={
                                                    Object {
                                                      "fill": undefined,
                                                      "height": "18px",
                                                      "width": "18px",
                                                    }
                                                  }
                                                >
                                                  <svg
                                                    viewBox="0 0 24 24"
                                                    xmlns="http://www.w3.org/2000/svg"
                                                  >
                                                    <g
                                                      fillRule="evenodd"
                                                    >
                                                      <g>
                                                        <polygon
                                                          points="19 6.41 17.59 5 12 10.59 6.41 5 5 6.41 10.59 12 5 17.59 6.41 19 12 13.41 17.59 19 19 17.59 13.41 12"
                                                        />
                                                      </g>
                                                    </g>
                                                  </svg>
                                                </div>
                                              </DenyIcon>
                                            </span>
                                          </button>
                                        </IconButton>
                                      </div>
                                      <Transition
                                        appear={true}
                                        enter={true}
                                        exit={true}
                                        in={true}
                                        mountOnEnter={true}
                                        onEnter={[Function]}
                                        onEntered={[Function]}
                                        onEntering={[Function]}
                                        onExit={[Function]}
                                        onExited={[Function]}
                                        onExiting={[Function]}
                                        timeout={
                                          Object {
                                            "appear": 1,
                                            "enter": 4000,
                                          }
                                        }
                                        unmountOnExit={false}
                                      >
                                        <svg
                                          className="countdownButton-animation"
                                          height={34}
                                          viewBox="0 0 34 34"
                                          width={34}
                                        >
                                          <circle
                                            cx={17}
                                            cy={17}
                                            fill="transparent"
                                            r={16}
                                            stroke="rgba(64, 64, 64, 0.38)"
                                            strokeWidth={2}
                                            style={
                                              Object {
                                                "strokeDasharray": 100.53096491487338,
                                                "strokeDashoffset": 0,
                                                "transform": "rotate(-90deg)",
                                                "transformOrigin": "center center",
                                                "transition": "all 4000ms linear",
                                              }
                                            }
                                          />
                                        </svg>
                                      </Transition>
                                    </div>
                                  </CountdownButton>
                                </div>
                              </div>
                            </FlexItem>
                          </div>
                        </Flex>
                      </div>
                    </div>
                  </Toast>
                </div>
              </Transition>
            </CSSTransition>
          </div>
        </TransitionGroup>
      </div>
    </Toaster>
  </Portal>
</ToasterWrapper>
`;
